// Jest Snapshot v1, https://goo.gl/fbAQLP

exports[`cli should load plugins correctly 1`] = `
Object {
  "hookTasks": Object {
    "cleanup:remote": Object {
      "id": "cleanup:remote",
      "plugin": Object {
        "id": "@dotcom-tool-kit/heroku",
        "parent": Object {
          "id": "../../../../../plugins/circleci-heroku",
          "parent": Object {
            "id": "successful test root",
            "root": "core/cli/test/files/successful",
          },
          "root": "plugins/circleci-heroku/lib/index.js",
        },
        "root": "plugins/heroku/lib/index.js",
      },
      "tasks": Array [
        "NpmPrune",
      ],
    },
    "deploy:production": Object {
      "id": "deploy:production",
      "plugin": Object {
        "id": "../../../../../plugins/circleci-heroku",
        "parent": Object {
          "id": "successful test root",
          "root": "core/cli/test/files/successful",
        },
        "root": "plugins/circleci-heroku/lib/index.js",
      },
      "tasks": Array [
        "HerokuProduction",
      ],
    },
    "deploy:review": Object {
      "id": "deploy:review",
      "plugin": Object {
        "id": "../../../../../plugins/circleci-heroku",
        "parent": Object {
          "id": "successful test root",
          "root": "core/cli/test/files/successful",
        },
        "root": "plugins/circleci-heroku/lib/index.js",
      },
      "tasks": Array [
        "HerokuReview",
      ],
    },
    "deploy:staging": Object {
      "id": "deploy:staging",
      "plugin": Object {
        "id": "../../../../../plugins/circleci-heroku",
        "parent": Object {
          "id": "successful test root",
          "root": "core/cli/test/files/successful",
        },
        "root": "plugins/circleci-heroku/lib/index.js",
      },
      "tasks": Array [
        "HerokuStaging",
      ],
    },
    "teardown:staging": Object {
      "id": "teardown:staging",
      "plugin": Object {
        "id": "../../../../../plugins/circleci-heroku",
        "parent": Object {
          "id": "successful test root",
          "root": "core/cli/test/files/successful",
        },
        "root": "plugins/circleci-heroku/lib/index.js",
      },
      "tasks": Array [
        "HerokuTeardown",
      ],
    },
    "test:ci": Object {
      "id": "test:ci",
      "plugin": Object {
        "id": "successful test root",
        "root": "core/cli/test/files/successful",
      },
      "tasks": Array [
        "Mocha",
        "Eslint",
      ],
    },
    "test:local": Object {
      "id": "test:local",
      "plugin": Object {
        "id": "successful test root",
        "root": "core/cli/test/files/successful",
      },
      "tasks": Array [
        "Mocha",
        "Eslint",
      ],
    },
    "test:review": Object {
      "id": "test:review",
      "plugin": Object {
        "id": "../../../../../plugins/n-test",
        "parent": Object {
          "id": "successful test root",
          "root": "core/cli/test/files/successful",
        },
        "root": "plugins/n-test/lib/index.js",
      },
      "tasks": Array [
        "NTest",
      ],
    },
    "test:staged": Object {
      "id": "test:staged",
      "plugin": Object {
        "id": "../../../../../plugins/eslint",
        "parent": Object {
          "id": "successful test root",
          "root": "core/cli/test/files/successful",
        },
        "root": "plugins/eslint/lib/index.js",
      },
      "tasks": Array [
        "Eslint",
      ],
    },
    "test:staging": Object {
      "id": "test:staging",
      "plugin": Object {
        "id": "../../../../../plugins/n-test",
        "parent": Object {
          "id": "successful test root",
          "root": "core/cli/test/files/successful",
        },
        "root": "plugins/n-test/lib/index.js",
      },
      "tasks": Array [
        "NTest",
      ],
    },
  },
  "hooks": Object {
    "build:ci": BuildCI {
      "addToNightly": true,
      "circleConfigPath": ".circleci/config.yml",
      "id": "build:ci",
      "job": "tool-kit/build",
      "jobOptions": Object {
        "requires": Array [
          "tool-kit/setup",
        ],
      },
      "logger": DerivedLogger {},
      "plugin": Object {
        "id": "@dotcom-tool-kit/circleci",
        "parent": Object {
          "id": "../../../../../plugins/circleci-heroku",
          "parent": Object {
            "id": "successful test root",
            "root": "core/cli/test/files/successful",
          },
          "root": "plugins/circleci-heroku/lib/index.js",
        },
        "root": "plugins/circleci/lib/index.js",
      },
    },
    "build:local": BuildLocal {
      "field": "scripts",
      "hook": "build:local",
      "id": "build:local",
      "key": "build",
      "logger": DerivedLogger {},
      "plugin": Object {
        "id": "@dotcom-tool-kit/npm",
        "parent": Object {
          "id": "@dotcom-tool-kit/heroku",
          "parent": Object {
            "id": "../../../../../plugins/circleci-heroku",
            "parent": Object {
              "id": "successful test root",
              "root": "core/cli/test/files/successful",
            },
            "root": "plugins/circleci-heroku/lib/index.js",
          },
          "root": "plugins/heroku/lib/index.js",
        },
        "root": "plugins/npm/lib/index.js",
      },
    },
    "build:remote": BuildRemote {
      "field": "scripts",
      "hook": "build:remote",
      "id": "build:remote",
      "key": "heroku-postbuild",
      "logger": DerivedLogger {},
      "plugin": Object {
        "id": "@dotcom-tool-kit/heroku",
        "parent": Object {
          "id": "../../../../../plugins/circleci-heroku",
          "parent": Object {
            "id": "successful test root",
            "root": "core/cli/test/files/successful",
          },
          "root": "plugins/circleci-heroku/lib/index.js",
        },
        "root": "plugins/heroku/lib/index.js",
      },
    },
    "cleanup:remote": CleanupRemote {
      "field": "scripts",
      "hook": "cleanup:remote",
      "id": "cleanup:remote",
      "key": "heroku-postbuild",
      "logger": DerivedLogger {},
      "plugin": Object {
        "id": "@dotcom-tool-kit/heroku",
        "parent": Object {
          "id": "../../../../../plugins/circleci-heroku",
          "parent": Object {
            "id": "successful test root",
            "root": "core/cli/test/files/successful",
          },
          "root": "plugins/circleci-heroku/lib/index.js",
        },
        "root": "plugins/heroku/lib/index.js",
      },
    },
    "deploy:production": DeployProduction {
      "circleConfigPath": ".circleci/config.yml",
      "id": "deploy:production",
      "job": "tool-kit/heroku-promote",
      "jobOptions": Object {
        "filters": Object {
          "branches": Object {
            "only": "main",
          },
        },
        "requires": Array [
          "tool-kit/e2e-test-staging",
          "tool-kit/test",
        ],
      },
      "logger": DerivedLogger {},
      "plugin": Object {
        "id": "../../../../../plugins/circleci-heroku",
        "parent": Object {
          "id": "successful test root",
          "root": "core/cli/test/files/successful",
        },
        "root": "plugins/circleci-heroku/lib/index.js",
      },
    },
    "deploy:review": DeployReview {
      "circleConfigPath": ".circleci/config.yml",
      "id": "deploy:review",
      "job": "tool-kit/heroku-provision",
      "jobOptions": Object {
        "filters": Object {
          "branches": Object {
            "ignore": "/(^renovate-.*|^nori/.*|^main)/",
          },
        },
        "requires": Array [
          "tool-kit/setup",
        ],
      },
      "logger": DerivedLogger {},
      "plugin": Object {
        "id": "../../../../../plugins/circleci-heroku",
        "parent": Object {
          "id": "successful test root",
          "root": "core/cli/test/files/successful",
        },
        "root": "plugins/circleci-heroku/lib/index.js",
      },
    },
    "deploy:staging": DeployStaging {
      "circleConfigPath": ".circleci/config.yml",
      "id": "deploy:staging",
      "job": "tool-kit/heroku-staging",
      "jobOptions": Object {
        "filters": Object {
          "branches": Object {
            "only": "main",
          },
        },
        "requires": Array [
          "tool-kit/setup",
        ],
      },
      "logger": DerivedLogger {},
      "plugin": Object {
        "id": "../../../../../plugins/circleci-heroku",
        "parent": Object {
          "id": "successful test root",
          "root": "core/cli/test/files/successful",
        },
        "root": "plugins/circleci-heroku/lib/index.js",
      },
    },
    "release:remote": ReleaseRemote {
      "field": "scripts",
      "hook": "release:remote",
      "id": "release:remote",
      "key": "heroku-postbuild",
      "logger": DerivedLogger {},
      "plugin": Object {
        "id": "@dotcom-tool-kit/heroku",
        "parent": Object {
          "id": "../../../../../plugins/circleci-heroku",
          "parent": Object {
            "id": "successful test root",
            "root": "core/cli/test/files/successful",
          },
          "root": "plugins/circleci-heroku/lib/index.js",
        },
        "root": "plugins/heroku/lib/index.js",
      },
    },
    "run:local": RunLocal {
      "field": "scripts",
      "hook": "run:local",
      "id": "run:local",
      "key": "start",
      "logger": DerivedLogger {},
      "plugin": Object {
        "id": "@dotcom-tool-kit/npm",
        "parent": Object {
          "id": "@dotcom-tool-kit/heroku",
          "parent": Object {
            "id": "../../../../../plugins/circleci-heroku",
            "parent": Object {
              "id": "successful test root",
              "root": "core/cli/test/files/successful",
            },
            "root": "plugins/circleci-heroku/lib/index.js",
          },
          "root": "plugins/heroku/lib/index.js",
        },
        "root": "plugins/npm/lib/index.js",
      },
    },
    "teardown:staging": TestStaging {
      "circleConfigPath": ".circleci/config.yml",
      "id": "teardown:staging",
      "job": "tool-kit/e2e-test-staging",
      "jobOptions": Object {
        "requires": Array [
          "tool-kit/heroku-staging",
        ],
      },
      "logger": DerivedLogger {},
      "plugin": Object {
        "id": "../../../../../plugins/circleci-heroku",
        "parent": Object {
          "id": "successful test root",
          "root": "core/cli/test/files/successful",
        },
        "root": "plugins/circleci-heroku/lib/index.js",
      },
    },
    "test:ci": TestCI {
      "addToNightly": true,
      "circleConfigPath": ".circleci/config.yml",
      "id": "test:ci",
      "job": "tool-kit/test",
      "jobOptions": Object {
        "requires": Array [
          "tool-kit/build",
        ],
      },
      "logger": DerivedLogger {},
      "plugin": Object {
        "id": "@dotcom-tool-kit/circleci",
        "parent": Object {
          "id": "../../../../../plugins/circleci-heroku",
          "parent": Object {
            "id": "successful test root",
            "root": "core/cli/test/files/successful",
          },
          "root": "plugins/circleci-heroku/lib/index.js",
        },
        "root": "plugins/circleci/lib/index.js",
      },
    },
    "test:local": TestLocal {
      "field": "scripts",
      "hook": "test:local",
      "id": "test:local",
      "key": "test",
      "logger": DerivedLogger {},
      "plugin": Object {
        "id": "@dotcom-tool-kit/npm",
        "parent": Object {
          "id": "@dotcom-tool-kit/heroku",
          "parent": Object {
            "id": "../../../../../plugins/circleci-heroku",
            "parent": Object {
              "id": "successful test root",
              "root": "core/cli/test/files/successful",
            },
            "root": "plugins/circleci-heroku/lib/index.js",
          },
          "root": "plugins/heroku/lib/index.js",
        },
        "root": "plugins/npm/lib/index.js",
      },
    },
    "test:review": TestReview {
      "circleConfigPath": ".circleci/config.yml",
      "id": "test:review",
      "job": "tool-kit/e2e-test-review",
      "jobOptions": Object {
        "requires": Array [
          "tool-kit/heroku-provision",
        ],
      },
      "logger": DerivedLogger {},
      "plugin": Object {
        "id": "../../../../../plugins/circleci-heroku",
        "parent": Object {
          "id": "successful test root",
          "root": "core/cli/test/files/successful",
        },
        "root": "plugins/circleci-heroku/lib/index.js",
      },
    },
    "test:staging": TestStaging {
      "circleConfigPath": ".circleci/config.yml",
      "id": "test:staging",
      "job": "tool-kit/e2e-test-staging",
      "jobOptions": Object {
        "requires": Array [
          "tool-kit/heroku-staging",
        ],
      },
      "logger": DerivedLogger {},
      "plugin": Object {
        "id": "../../../../../plugins/circleci-heroku",
        "parent": Object {
          "id": "successful test root",
          "root": "core/cli/test/files/successful",
        },
        "root": "plugins/circleci-heroku/lib/index.js",
      },
    },
  },
  "options": Object {
    "../../../../../plugins/eslint": Object {
      "forPlugin": Object {
        "id": "../../../../../plugins/eslint",
        "parent": Object {
          "id": "successful test root",
          "root": "core/cli/test/files/successful",
        },
        "root": "plugins/eslint/lib/index.js",
      },
      "options": Object {
        "files": Array [
          "webpack.config.js",
        ],
      },
      "plugin": Object {
        "id": "successful test root",
        "root": "core/cli/test/files/successful",
      },
    },
    "../../../../../plugins/mocha": Object {
      "forPlugin": Object {
        "id": "../../../../../plugins/mocha",
        "parent": Object {
          "id": "successful test root",
          "root": "core/cli/test/files/successful",
        },
        "root": "plugins/mocha/lib/index.js",
      },
      "options": Object {
        "testDir": "./mocha_tests",
      },
      "plugin": Object {
        "id": "successful test root",
        "root": "core/cli/test/files/successful",
      },
    },
    "../../../../../plugins/n-test": Object {
      "forPlugin": Object {
        "id": "../../../../../plugins/n-test",
        "parent": Object {
          "id": "successful test root",
          "root": "core/cli/test/files/successful",
        },
        "root": "plugins/n-test/lib/index.js",
      },
      "options": Object {
        "host": "https://example.com",
      },
      "plugin": Object {
        "id": "successful test root",
        "root": "core/cli/test/files/successful",
      },
    },
    "@dotcom-tool-kit/eslint": Object {
      "forPlugin": undefined,
      "options": Object {
        "files": "**/*.js",
      },
      "plugin": Object {
        "id": "../../../../../plugins/eslint",
        "parent": Object {
          "id": "successful test root",
          "root": "core/cli/test/files/successful",
        },
        "root": "plugins/eslint/lib/index.js",
      },
    },
    "@dotcom-tool-kit/mocha": Object {
      "forPlugin": undefined,
      "options": Object {
        "files": "test/**/*.js",
      },
      "plugin": Object {
        "id": "../../../../../plugins/mocha",
        "parent": Object {
          "id": "successful test root",
          "root": "core/cli/test/files/successful",
        },
        "root": "plugins/mocha/lib/index.js",
      },
    },
  },
  "plugins": Object {
    "../../../../../plugins/circleci-heroku": Object {
      "id": "../../../../../plugins/circleci-heroku",
      "parent": Object {
        "id": "successful test root",
        "root": "core/cli/test/files/successful",
      },
      "root": "plugins/circleci-heroku/lib/index.js",
    },
    "../../../../../plugins/eslint": Object {
      "id": "../../../../../plugins/eslint",
      "parent": Object {
        "id": "successful test root",
        "root": "core/cli/test/files/successful",
      },
      "root": "plugins/eslint/lib/index.js",
    },
    "../../../../../plugins/mocha": Object {
      "id": "../../../../../plugins/mocha",
      "parent": Object {
        "id": "successful test root",
        "root": "core/cli/test/files/successful",
      },
      "root": "plugins/mocha/lib/index.js",
    },
    "../../../../../plugins/n-test": Object {
      "id": "../../../../../plugins/n-test",
      "parent": Object {
        "id": "successful test root",
        "root": "core/cli/test/files/successful",
      },
      "root": "plugins/n-test/lib/index.js",
    },
    "@dotcom-tool-kit/circleci": Object {
      "id": "@dotcom-tool-kit/circleci",
      "parent": Object {
        "id": "../../../../../plugins/circleci-heroku",
        "parent": Object {
          "id": "successful test root",
          "root": "core/cli/test/files/successful",
        },
        "root": "plugins/circleci-heroku/lib/index.js",
      },
      "root": "plugins/circleci/lib/index.js",
    },
    "@dotcom-tool-kit/heroku": Object {
      "id": "@dotcom-tool-kit/heroku",
      "parent": Object {
        "id": "../../../../../plugins/circleci-heroku",
        "parent": Object {
          "id": "successful test root",
          "root": "core/cli/test/files/successful",
        },
        "root": "plugins/circleci-heroku/lib/index.js",
      },
      "root": "plugins/heroku/lib/index.js",
    },
    "@dotcom-tool-kit/npm": Object {
      "id": "@dotcom-tool-kit/npm",
      "parent": Object {
        "id": "@dotcom-tool-kit/heroku",
        "parent": Object {
          "id": "../../../../../plugins/circleci-heroku",
          "parent": Object {
            "id": "successful test root",
            "root": "core/cli/test/files/successful",
          },
          "root": "plugins/circleci-heroku/lib/index.js",
        },
        "root": "plugins/heroku/lib/index.js",
      },
      "root": "plugins/npm/lib/index.js",
    },
    "@dotcom-tool-kit/vault": Object {
      "id": "@dotcom-tool-kit/vault",
      "parent": Object {
        "id": "@dotcom-tool-kit/heroku",
        "parent": Object {
          "id": "../../../../../plugins/circleci-heroku",
          "parent": Object {
            "id": "successful test root",
            "root": "core/cli/test/files/successful",
          },
          "root": "plugins/circleci-heroku/lib/index.js",
        },
        "root": "plugins/heroku/lib/index.js",
      },
      "root": "lib/vault/lib/index.js",
    },
  },
  "root": "core/cli",
  "tasks": Object {
    "Eslint": [Function],
    "HerokuProduction": [Function],
    "HerokuReview": [Function],
    "HerokuStaging": [Function],
    "HerokuTeardown": [Function],
    "Mocha": [Function],
    "NTest": [Function],
    "NpmPrune": [Function],
    "NpmPublish": [Function],
  },
}
`;
