// Jest Snapshot v1, https://goo.gl/fbAQLP

exports[`cli should load plugins correctly 1`] = `
Object {
  "commands": Object {
    "eslint": [Function],
    "help": [Function],
    "install": [Function],
    "lifecycle": [Function],
    "mocha": [Function],
    "n-test": [Function],
  },
  "findCommand": [Function],
  "lifecycleAssignments": Object {
    "test:ci": Object {
      "commands": Array [
        "mocha",
        "eslint",
      ],
      "id": "test:ci",
      "plugin": Object {
        "id": "successful test root",
        "root": "packages/cli/test/files/successful",
      },
    },
    "test:local": Object {
      "commands": Array [
        "mocha",
        "eslint",
      ],
      "id": "test:local",
      "plugin": Object {
        "id": "successful test root",
        "root": "packages/cli/test/files/successful",
      },
    },
    "test:remote": Object {
      "commands": Array [
        "n-test",
      ],
      "id": "test:remote",
      "plugin": Object {
        "commands": Object {
          "n-test": [Function],
        },
        "id": "../../../../n-test",
        "parent": Object {
          "id": "successful test root",
          "root": "packages/cli/test/files/successful",
        },
        "root": "/Users/kara.brightwell/Work/dotcom-tool-kit/packages/n-test/lib/index.js",
      },
    },
  },
  "lifecycles": Object {
    "build:ci": [Function],
    "build:local": [Function],
    "test:ci": [Function],
    "test:local": [Function],
    "test:remote": [Function],
  },
  "options": Object {
    "../../../../eslint": Object {
      "forPlugin": Object {
        "commands": Object {
          "eslint": [Function],
        },
        "id": "../../../../eslint",
        "parent": Object {
          "id": "successful test root",
          "root": "packages/cli/test/files/successful",
        },
        "root": "/Users/kara.brightwell/Work/dotcom-tool-kit/packages/eslint/lib/index.js",
      },
      "options": Object {
        "files": Array [
          "webpack.config.js",
        ],
      },
      "plugin": Object {
        "id": "successful test root",
        "root": "packages/cli/test/files/successful",
      },
    },
    "../../../../mocha": Object {
      "forPlugin": Object {
        "commands": Object {
          "mocha": [Function],
        },
        "id": "../../../../mocha",
        "parent": Object {
          "id": "successful test root",
          "root": "packages/cli/test/files/successful",
        },
        "root": "/Users/kara.brightwell/Work/dotcom-tool-kit/packages/mocha/lib/index.js",
      },
      "options": Object {
        "testDir": "./mocha_tests",
      },
      "plugin": Object {
        "id": "successful test root",
        "root": "packages/cli/test/files/successful",
      },
    },
    "../../../../n-test": Object {
      "forPlugin": Object {
        "commands": Object {
          "n-test": [Function],
        },
        "id": "../../../../n-test",
        "parent": Object {
          "id": "successful test root",
          "root": "packages/cli/test/files/successful",
        },
        "root": "/Users/kara.brightwell/Work/dotcom-tool-kit/packages/n-test/lib/index.js",
      },
      "options": Object {
        "host": "https://example.com",
      },
      "plugin": Object {
        "id": "successful test root",
        "root": "packages/cli/test/files/successful",
      },
    },
    "@dotcom-tool-kit/eslint": Object {
      "forPlugin": undefined,
      "options": Object {
        "files": "**/*.js",
      },
      "plugin": Object {
        "commands": Object {
          "eslint": [Function],
        },
        "id": "../../../../eslint",
        "parent": Object {
          "id": "successful test root",
          "root": "packages/cli/test/files/successful",
        },
        "root": "/Users/kara.brightwell/Work/dotcom-tool-kit/packages/eslint/lib/index.js",
      },
    },
    "@dotcom-tool-kit/mocha": Object {
      "forPlugin": undefined,
      "options": Object {
        "files": "test/**/*.js",
      },
      "plugin": Object {
        "commands": Object {
          "mocha": [Function],
        },
        "id": "../../../../mocha",
        "parent": Object {
          "id": "successful test root",
          "root": "packages/cli/test/files/successful",
        },
        "root": "/Users/kara.brightwell/Work/dotcom-tool-kit/packages/mocha/lib/index.js",
      },
    },
  },
  "plugins": Object {
    "../../../../circleci": Object {
      "id": "../../../../circleci",
      "lifecycles": Object {
        "build:ci": [Function],
        "test:ci": [Function],
        "test:remote": [Function],
      },
      "parent": Object {
        "id": "successful test root",
        "root": "packages/cli/test/files/successful",
      },
      "root": "/Users/kara.brightwell/Work/dotcom-tool-kit/packages/circleci/lib/index.js",
    },
    "../../../../eslint": Object {
      "commands": Object {
        "eslint": [Function],
      },
      "id": "../../../../eslint",
      "parent": Object {
        "id": "successful test root",
        "root": "packages/cli/test/files/successful",
      },
      "root": "/Users/kara.brightwell/Work/dotcom-tool-kit/packages/eslint/lib/index.js",
    },
    "../../../../mocha": Object {
      "commands": Object {
        "mocha": [Function],
      },
      "id": "../../../../mocha",
      "parent": Object {
        "id": "successful test root",
        "root": "packages/cli/test/files/successful",
      },
      "root": "/Users/kara.brightwell/Work/dotcom-tool-kit/packages/mocha/lib/index.js",
    },
    "../../../../n-test": Object {
      "commands": Object {
        "n-test": [Function],
      },
      "id": "../../../../n-test",
      "parent": Object {
        "id": "successful test root",
        "root": "packages/cli/test/files/successful",
      },
      "root": "/Users/kara.brightwell/Work/dotcom-tool-kit/packages/n-test/lib/index.js",
    },
    "../../../../npm": Object {
      "PackageJsonLifecycleInstaller": [Function],
      "id": "../../../../npm",
      "lifecycles": Object {
        "build:local": [Function],
        "test:local": [Function],
      },
      "parent": Object {
        "id": "successful test root",
        "root": "packages/cli/test/files/successful",
      },
      "root": "/Users/kara.brightwell/Work/dotcom-tool-kit/packages/npm/lib/index.js",
    },
    "@dotcom-tool-kit/state": Object {
      "id": "@dotcom-tool-kit/state",
      "parent": Object {
        "id": "../../../../circleci",
        "lifecycles": Object {
          "build:ci": [Function],
          "test:ci": [Function],
          "test:remote": [Function],
        },
        "parent": Object {
          "id": "successful test root",
          "root": "packages/cli/test/files/successful",
        },
        "root": "/Users/kara.brightwell/Work/dotcom-tool-kit/packages/circleci/lib/index.js",
      },
      "readState": [Function],
      "root": "/Users/kara.brightwell/Work/dotcom-tool-kit/packages/state/lib/index.js",
      "writeState": [Function],
    },
  },
  "root": "/Users/kara.brightwell/Work/dotcom-tool-kit/packages/cli",
}
`;
